MAIN:
    DIM _ONERR_TARGET AS ADDRESS = null
    DIM _ONERR_FP AS ADDRESS = null
    DIM _ONERR_SP AS ADDRESS = null
    DIM DATA AS BYTE = null
    DIM GOOD AS INTEGER = null
    DIM BAD AS INTEGER = null
   0:     DATA = CByte(ALLOC((2 + ((5 + 1) * 1))))
   1:     *((DATA + 0)) = 5
   2:     CALL TEXT.TEXT()
   3:     CALL TEXT.HOME()
   4:     CALL RUNTIME.PRINT_STRING("Setting BYTE values...")
   5:     CALL RUNTIME.PRINT_NEWLINE()
   6:     IF (0 > ubound(DATA,1)) THEN **
   0:         ERR.NUMBER = 107
   1:         ERR.MESSAGE = "ARRAY INDEX OUT OF BOUNDS"
   2:         ERR.LINENUM = 21
   3:         ERR.CONTEXT = "DATA"
   4:         ERR.SOURCE = "ARRAYS10.BAS"
   5:         RAISE ERROR
          END IF
   7:     *(((DATA + 2) + (0 * 1))) = 239
   8:     IF (1 > ubound(DATA,1)) THEN **
   0:         ERR.NUMBER = 107
   1:         ERR.MESSAGE = "ARRAY INDEX OUT OF BOUNDS"
   2:         ERR.LINENUM = 22
   3:         ERR.CONTEXT = "DATA"
   4:         ERR.SOURCE = "ARRAYS10.BAS"
   5:         RAISE ERROR
          END IF
   9:     *(((DATA + 2) + (1 * 1))) = 238
  10:     IF (2 > ubound(DATA,1)) THEN **
   0:         ERR.NUMBER = 107
   1:         ERR.MESSAGE = "ARRAY INDEX OUT OF BOUNDS"
   2:         ERR.LINENUM = 23
   3:         ERR.CONTEXT = "DATA"
   4:         ERR.SOURCE = "ARRAYS10.BAS"
   5:         RAISE ERROR
          END IF
  11:     *(((DATA + 2) + (2 * 1))) = 237
  12:     IF (3 > ubound(DATA,1)) THEN **
   0:         ERR.NUMBER = 107
   1:         ERR.MESSAGE = "ARRAY INDEX OUT OF BOUNDS"
   2:         ERR.LINENUM = 24
   3:         ERR.CONTEXT = "DATA"
   4:         ERR.SOURCE = "ARRAYS10.BAS"
   5:         RAISE ERROR
          END IF
  13:     *(((DATA + 2) + (3 * 1))) = 236
  14:     IF (4 > ubound(DATA,1)) THEN **
   0:         ERR.NUMBER = 107
   1:         ERR.MESSAGE = "ARRAY INDEX OUT OF BOUNDS"
   2:         ERR.LINENUM = 25
   3:         ERR.CONTEXT = "DATA"
   4:         ERR.SOURCE = "ARRAYS10.BAS"
   5:         RAISE ERROR
          END IF
  15:     *(((DATA + 2) + (4 * 1))) = 235
  16:     IF (5 > ubound(DATA,1)) THEN **
   0:         ERR.NUMBER = 107
   1:         ERR.MESSAGE = "ARRAY INDEX OUT OF BOUNDS"
   2:         ERR.LINENUM = 26
   3:         ERR.CONTEXT = "DATA"
   4:         ERR.SOURCE = "ARRAYS10.BAS"
   5:         RAISE ERROR
          END IF
  17:     *(((DATA + 2) + (5 * 1))) = 234
  18:     CALL RUNTIME.PRINT_STRING("Checking BYTE values...")
  19:     CALL RUNTIME.PRINT_NEWLINE()
  20:     CALL CHECK(0, 239)
  21:     CALL CHECK(1, 238)
  22:     CALL CHECK(2, 237)
  23:     CALL CHECK(3, 236)
  24:     CALL CHECK(4, 235)
  25:     CALL CHECK(5, 234)
  26:     CALL TEXT.INVERSE()
  27:     IF (BAD = 0) THEN
   0:         CALL RUNTIME.PRINT_STRING("SUCCESS")
   1:         CALL RUNTIME.PRINT_NEWLINE()
          ELSE
   0:         CALL RUNTIME.PRINT_STRING("FAILURE; GOOD=")
   1:         CALL RUNTIME.PRINT_INTEGER(GOOD)
   2:         CALL RUNTIME.PRINT_STRING(", BAD=")
   3:         CALL RUNTIME.PRINT_INTEGER(BAD)
   4:         CALL RUNTIME.PRINT_NEWLINE()
          END IF
  28:     CALL TEXT.NORMAL()
  29:     END

SUB CHECK(BYVAL EXPECTED AS INTEGER, BYVAL I AS INTEGER)
   0:     CALL RUNTIME.PRINT_STRING("Index ")
   1:     CALL RUNTIME.PRINT_INTEGER(I)
   2:     CALL RUNTIME.PRINT_STRING(": ")
   3:     IF (I > ubound(DATA,1)) THEN **
   0:         ERR.NUMBER = 107
   1:         ERR.MESSAGE = "ARRAY INDEX OUT OF BOUNDS"
   2:         ERR.LINENUM = 9
   3:         ERR.CONTEXT = "DATA"
   4:         ERR.SOURCE = "CHECK"
   5:         RAISE ERROR
          END IF
   4:     CALL RUNTIME.PRINT_BYTE(CInt(*(((DATA + 2) + (I * 1)))))
   5:     CALL RUNTIME.PRINT_STRING(" = ")
   6:     CALL RUNTIME.PRINT_BYTE(CInt(CByte(EXPECTED)))
   7:     CALL RUNTIME.PRINT_STRING(": ")
   8:     IF (I > ubound(DATA,1)) THEN **
   0:         ERR.NUMBER = 107
   1:         ERR.MESSAGE = "ARRAY INDEX OUT OF BOUNDS"
   2:         ERR.LINENUM = 10
   3:         ERR.CONTEXT = "DATA"
   4:         ERR.SOURCE = "CHECK"
   5:         RAISE ERROR
          END IF
   9:     IF (*(((DATA + 2) + (I * 1))) = CByte(EXPECTED)) THEN
   0:         CALL RUNTIME.PRINT_STRING("Ok.")
   1:         CALL RUNTIME.PRINT_NEWLINE()
   2:         GOOD = (GOOD + 1)
          ELSE
   0:         CALL RUNTIME.PRINT_STRING("Incorrect.")
   1:         CALL RUNTIME.PRINT_NEWLINE()
   2:         BAD = (BAD + 1)
          END IF
END SUB

