MAIN:
    DIM _ONERR_TARGET AS ADDRESS = null
    DIM _ONERR_FP AS ADDRESS = null
    DIM _ONERR_SP AS ADDRESS = null
    DIM XY AS INTEGER = null
    DIM X AS INTEGER = null
    DIM Y AS INTEGER = null
    DIM I AS INTEGER = null
    DIM J AS INTEGER = null
   0:     XY = ALLOC((4 + (((5 + 1) * (5 + 1)) * 2)))
   1:     *((XY + 0)) = 5
   2:     *((XY + 2)) = 5
   3:     X = 1
   4: _FOR_LOOP7:
   5:     IF (MATH.SGN(1) >= 0) THEN
   0:         IF (X <= 5) THEN
   0:             Y = 1
   1: _FOR_LOOP8:
   2:             IF (MATH.SGN(1) >= 0) THEN
   0:                 IF (Y <= 5) THEN
   0:                     IF ((X > ubound(XY,1)) or (Y > ubound(XY,2))) THEN **
   0:                         ERR.NUMBER = 107
   1:                         ERR.MESSAGE = "ARRAY INDEX OUT OF BOUNDS"
   2:                         ERR.LINENUM = 11
   3:                         ERR.CONTEXT = "XY"
   4:                         ERR.SOURCE = "ARRAYS7.BAS"
   5:                         RAISE ERROR
                          END IF
   1:                     *(((XY + 4) + (((X * (5 + 1)) + Y) * 2))) = MATH.RND(16)
   2: _FOR_CONTINUE8:
   3:                     Y = (Y + 1)
   4:                     GOTO _FOR_LOOP8
                      END IF
                  ELSE
   0:                 IF (Y >= 5) THEN
   0:                     IF ((X > ubound(XY,1)) or (Y > ubound(XY,2))) THEN **
   0:                         ERR.NUMBER = 107
   1:                         ERR.MESSAGE = "ARRAY INDEX OUT OF BOUNDS"
   2:                         ERR.LINENUM = 11
   3:                         ERR.CONTEXT = "XY"
   4:                         ERR.SOURCE = "ARRAYS7.BAS"
   5:                         RAISE ERROR
                          END IF
   1:                     *(((XY + 4) + (((X * (5 + 1)) + Y) * 2))) = MATH.RND(16)
   2: _FOR_CONTINUE8:
   3:                     Y = (Y + 1)
   4:                     GOTO _FOR_LOOP8
                      END IF
                  END IF
   3: _FOR_EXIT8:
   4: _FOR_CONTINUE7:
   5:             X = (X + 1)
   6:             GOTO _FOR_LOOP7
              END IF
          ELSE
   0:         IF (X >= 5) THEN
   0:             Y = 1
   1: _FOR_LOOP8:
   2:             IF (MATH.SGN(1) >= 0) THEN
   0:                 IF (Y <= 5) THEN
   0:                     IF ((X > ubound(XY,1)) or (Y > ubound(XY,2))) THEN **
   0:                         ERR.NUMBER = 107
   1:                         ERR.MESSAGE = "ARRAY INDEX OUT OF BOUNDS"
   2:                         ERR.LINENUM = 11
   3:                         ERR.CONTEXT = "XY"
   4:                         ERR.SOURCE = "ARRAYS7.BAS"
   5:                         RAISE ERROR
                          END IF
   1:                     *(((XY + 4) + (((X * (5 + 1)) + Y) * 2))) = MATH.RND(16)
   2: _FOR_CONTINUE8:
   3:                     Y = (Y + 1)
   4:                     GOTO _FOR_LOOP8
                      END IF
                  ELSE
   0:                 IF (Y >= 5) THEN
   0:                     IF ((X > ubound(XY,1)) or (Y > ubound(XY,2))) THEN **
   0:                         ERR.NUMBER = 107
   1:                         ERR.MESSAGE = "ARRAY INDEX OUT OF BOUNDS"
   2:                         ERR.LINENUM = 11
   3:                         ERR.CONTEXT = "XY"
   4:                         ERR.SOURCE = "ARRAYS7.BAS"
   5:                         RAISE ERROR
                          END IF
   1:                     *(((XY + 4) + (((X * (5 + 1)) + Y) * 2))) = MATH.RND(16)
   2: _FOR_CONTINUE8:
   3:                     Y = (Y + 1)
   4:                     GOTO _FOR_LOOP8
                      END IF
                  END IF
   3: _FOR_EXIT8:
   4: _FOR_CONTINUE7:
   5:             X = (X + 1)
   6:             GOTO _FOR_LOOP7
              END IF
          END IF
   6: _FOR_EXIT7:
   7:     CALL LORES.GR()
   8:     I = 0
   9: _FOR_LOOP9:
  10:     IF (MATH.SGN(5) >= 0) THEN
   0:         IF (I <= 39) THEN
   0:             J = 0
   1: _FOR_LOOP10:
   2:             IF (MATH.SGN(5) >= 0) THEN
   0:                 IF (J <= 39) THEN
   0:                     X = 1
   1: _FOR_LOOP11:
   2:                     IF (MATH.SGN(1) >= 0) THEN
   0:                         IF (X <= 5) THEN
   0:                             Y = 1
   1: _FOR_LOOP12:
   2:                             IF (MATH.SGN(1) >= 0) THEN
   0:                                 IF (Y <= 5) THEN
   0:                                     IF ((X > ubound(XY,1)) or (Y > ubound(XY,2))) THEN **
   0:                                         ERR.NUMBER = 107
   1:                                         ERR.MESSAGE = "ARRAY INDEX OUT OF BOUNDS"
   2:                                         ERR.LINENUM = 21
   3:                                         ERR.CONTEXT = "XY"
   4:                                         ERR.SOURCE = "ARRAYS7.BAS"
   5:                                         RAISE ERROR
                                          END IF
   1:                                     CALL LORES.COLOR(*(((XY + 4) + (((X * (5 + 1)) + Y) * 2))))
   2:                                     CALL LORES.PLOT(((X - 1) + I), ((Y - 1) + J))
   3: _FOR_CONTINUE12:
   4:                                     Y = (Y + 1)
   5:                                     GOTO _FOR_LOOP12
                                      END IF
                                  ELSE
   0:                                 IF (Y >= 5) THEN
   0:                                     IF ((X > ubound(XY,1)) or (Y > ubound(XY,2))) THEN **
   0:                                         ERR.NUMBER = 107
   1:                                         ERR.MESSAGE = "ARRAY INDEX OUT OF BOUNDS"
   2:                                         ERR.LINENUM = 21
   3:                                         ERR.CONTEXT = "XY"
   4:                                         ERR.SOURCE = "ARRAYS7.BAS"
   5:                                         RAISE ERROR
                                          END IF
   1:                                     CALL LORES.COLOR(*(((XY + 4) + (((X * (5 + 1)) + Y) * 2))))
   2:                                     CALL LORES.PLOT(((X - 1) + I), ((Y - 1) + J))
   3: _FOR_CONTINUE12:
   4:                                     Y = (Y + 1)
   5:                                     GOTO _FOR_LOOP12
                                      END IF
                                  END IF
   3: _FOR_EXIT12:
   4: _FOR_CONTINUE11:
   5:                             X = (X + 1)
   6:                             GOTO _FOR_LOOP11
                              END IF
                          ELSE
   0:                         IF (X >= 5) THEN
   0:                             Y = 1
   1: _FOR_LOOP12:
   2:                             IF (MATH.SGN(1) >= 0) THEN
   0:                                 IF (Y <= 5) THEN
   0:                                     IF ((X > ubound(XY,1)) or (Y > ubound(XY,2))) THEN **
   0:                                         ERR.NUMBER = 107
   1:                                         ERR.MESSAGE = "ARRAY INDEX OUT OF BOUNDS"
   2:                                         ERR.LINENUM = 21
   3:                                         ERR.CONTEXT = "XY"
   4:                                         ERR.SOURCE = "ARRAYS7.BAS"
   5:                                         RAISE ERROR
                                          END IF
   1:                                     CALL LORES.COLOR(*(((XY + 4) + (((X * (5 + 1)) + Y) * 2))))
   2:                                     CALL LORES.PLOT(((X - 1) + I), ((Y - 1) + J))
   3: _FOR_CONTINUE12:
   4:                                     Y = (Y + 1)
   5:                                     GOTO _FOR_LOOP12
                                      END IF
                                  ELSE
   0:                                 IF (Y >= 5) THEN
   0:                                     IF ((X > ubound(XY,1)) or (Y > ubound(XY,2))) THEN **
   0:                                         ERR.NUMBER = 107
   1:                                         ERR.MESSAGE = "ARRAY INDEX OUT OF BOUNDS"
   2:                                         ERR.LINENUM = 21
   3:                                         ERR.CONTEXT = "XY"
   4:                                         ERR.SOURCE = "ARRAYS7.BAS"
   5:                                         RAISE ERROR
                                          END IF
   1:                                     CALL LORES.COLOR(*(((XY + 4) + (((X * (5 + 1)) + Y) * 2))))
   2:                                     CALL LORES.PLOT(((X - 1) + I), ((Y - 1) + J))
   3: _FOR_CONTINUE12:
   4:                                     Y = (Y + 1)
   5:                                     GOTO _FOR_LOOP12
                                      END IF
                                  END IF
   3: _FOR_EXIT12:
   4: _FOR_CONTINUE11:
   5:                             X = (X + 1)
   6:                             GOTO _FOR_LOOP11
                              END IF
                          END IF
   3: _FOR_EXIT11:
   4: _FOR_CONTINUE10:
   5:                     J = (J + 5)
   6:                     GOTO _FOR_LOOP10
                      END IF
                  ELSE
   0:                 IF (J >= 39) THEN
   0:                     X = 1
   1: _FOR_LOOP11:
   2:                     IF (MATH.SGN(1) >= 0) THEN
   0:                         IF (X <= 5) THEN
   0:                             Y = 1
   1: _FOR_LOOP12:
   2:                             IF (MATH.SGN(1) >= 0) THEN
   0:                                 IF (Y <= 5) THEN
   0:                                     IF ((X > ubound(XY,1)) or (Y > ubound(XY,2))) THEN **
   0:                                         ERR.NUMBER = 107
   1:                                         ERR.MESSAGE = "ARRAY INDEX OUT OF BOUNDS"
   2:                                         ERR.LINENUM = 21
   3:                                         ERR.CONTEXT = "XY"
   4:                                         ERR.SOURCE = "ARRAYS7.BAS"
   5:                                         RAISE ERROR
                                          END IF
   1:                                     CALL LORES.COLOR(*(((XY + 4) + (((X * (5 + 1)) + Y) * 2))))
   2:                                     CALL LORES.PLOT(((X - 1) + I), ((Y - 1) + J))
   3: _FOR_CONTINUE12:
   4:                                     Y = (Y + 1)
   5:                                     GOTO _FOR_LOOP12
                                      END IF
                                  ELSE
   0:                                 IF (Y >= 5) THEN
   0:                                     IF ((X > ubound(XY,1)) or (Y > ubound(XY,2))) THEN **
   0:                                         ERR.NUMBER = 107
   1:                                         ERR.MESSAGE = "ARRAY INDEX OUT OF BOUNDS"
   2:                                         ERR.LINENUM = 21
   3:                                         ERR.CONTEXT = "XY"
   4:                                         ERR.SOURCE = "ARRAYS7.BAS"
   5:                                         RAISE ERROR
                                          END IF
   1:                                     CALL LORES.COLOR(*(((XY + 4) + (((X * (5 + 1)) + Y) * 2))))
   2:                                     CALL LORES.PLOT(((X - 1) + I), ((Y - 1) + J))
   3: _FOR_CONTINUE12:
   4:                                     Y = (Y + 1)
   5:                                     GOTO _FOR_LOOP12
                                      END IF
                                  END IF
   3: _FOR_EXIT12:
   4: _FOR_CONTINUE11:
   5:                             X = (X + 1)
   6:                             GOTO _FOR_LOOP11
                              END IF
                          ELSE
   0:                         IF (X >= 5) THEN
   0:                             Y = 1
   1: _FOR_LOOP12:
   2:                             IF (MATH.SGN(1) >= 0) THEN
   0:                                 IF (Y <= 5) THEN
   0:                                     IF ((X > ubound(XY,1)) or (Y > ubound(XY,2))) THEN **
   0:                                         ERR.NUMBER = 107
   1:                                         ERR.MESSAGE = "ARRAY INDEX OUT OF BOUNDS"
   2:                                         ERR.LINENUM = 21
   3:                                         ERR.CONTEXT = "XY"
   4:                                         ERR.SOURCE = "ARRAYS7.BAS"
   5:                                         RAISE ERROR
                                          END IF
   1:                                     CALL LORES.COLOR(*(((XY + 4) + (((X * (5 + 1)) + Y) * 2))))
   2:                                     CALL LORES.PLOT(((X - 1) + I), ((Y - 1) + J))
   3: _FOR_CONTINUE12:
   4:                                     Y = (Y + 1)
   5:                                     GOTO _FOR_LOOP12
                                      END IF
                                  ELSE
   0:                                 IF (Y >= 5) THEN
   0:                                     IF ((X > ubound(XY,1)) or (Y > ubound(XY,2))) THEN **
   0:                                         ERR.NUMBER = 107
   1:                                         ERR.MESSAGE = "ARRAY INDEX OUT OF BOUNDS"
   2:                                         ERR.LINENUM = 21
   3:                                         ERR.CONTEXT = "XY"
   4:                                         ERR.SOURCE = "ARRAYS7.BAS"
   5:                                         RAISE ERROR
                                          END IF
   1:                                     CALL LORES.COLOR(*(((XY + 4) + (((X * (5 + 1)) + Y) * 2))))
   2:                                     CALL LORES.PLOT(((X - 1) + I), ((Y - 1) + J))
   3: _FOR_CONTINUE12:
   4:                                     Y = (Y + 1)
   5:                                     GOTO _FOR_LOOP12
                                      END IF
                                  END IF
   3: _FOR_EXIT12:
   4: _FOR_CONTINUE11:
   5:                             X = (X + 1)
   6:                             GOTO _FOR_LOOP11
                              END IF
                          END IF
   3: _FOR_EXIT11:
   4: _FOR_CONTINUE10:
   5:                     J = (J + 5)
   6:                     GOTO _FOR_LOOP10
                      END IF
                  END IF
   3: _FOR_EXIT10:
   4: _FOR_CONTINUE9:
   5:             I = (I + 5)
   6:             GOTO _FOR_LOOP9
              END IF
          ELSE
   0:         IF (I >= 39) THEN
   0:             J = 0
   1: _FOR_LOOP10:
   2:             IF (MATH.SGN(5) >= 0) THEN
   0:                 IF (J <= 39) THEN
   0:                     X = 1
   1: _FOR_LOOP11:
   2:                     IF (MATH.SGN(1) >= 0) THEN
   0:                         IF (X <= 5) THEN
   0:                             Y = 1
   1: _FOR_LOOP12:
   2:                             IF (MATH.SGN(1) >= 0) THEN
   0:                                 IF (Y <= 5) THEN
   0:                                     IF ((X > ubound(XY,1)) or (Y > ubound(XY,2))) THEN **
   0:                                         ERR.NUMBER = 107
   1:                                         ERR.MESSAGE = "ARRAY INDEX OUT OF BOUNDS"
   2:                                         ERR.LINENUM = 21
   3:                                         ERR.CONTEXT = "XY"
   4:                                         ERR.SOURCE = "ARRAYS7.BAS"
   5:                                         RAISE ERROR
                                          END IF
   1:                                     CALL LORES.COLOR(*(((XY + 4) + (((X * (5 + 1)) + Y) * 2))))
   2:                                     CALL LORES.PLOT(((X - 1) + I), ((Y - 1) + J))
   3: _FOR_CONTINUE12:
   4:                                     Y = (Y + 1)
   5:                                     GOTO _FOR_LOOP12
                                      END IF
                                  ELSE
   0:                                 IF (Y >= 5) THEN
   0:                                     IF ((X > ubound(XY,1)) or (Y > ubound(XY,2))) THEN **
   0:                                         ERR.NUMBER = 107
   1:                                         ERR.MESSAGE = "ARRAY INDEX OUT OF BOUNDS"
   2:                                         ERR.LINENUM = 21
   3:                                         ERR.CONTEXT = "XY"
   4:                                         ERR.SOURCE = "ARRAYS7.BAS"
   5:                                         RAISE ERROR
                                          END IF
   1:                                     CALL LORES.COLOR(*(((XY + 4) + (((X * (5 + 1)) + Y) * 2))))
   2:                                     CALL LORES.PLOT(((X - 1) + I), ((Y - 1) + J))
   3: _FOR_CONTINUE12:
   4:                                     Y = (Y + 1)
   5:                                     GOTO _FOR_LOOP12
                                      END IF
                                  END IF
   3: _FOR_EXIT12:
   4: _FOR_CONTINUE11:
   5:                             X = (X + 1)
   6:                             GOTO _FOR_LOOP11
                              END IF
                          ELSE
   0:                         IF (X >= 5) THEN
   0:                             Y = 1
   1: _FOR_LOOP12:
   2:                             IF (MATH.SGN(1) >= 0) THEN
   0:                                 IF (Y <= 5) THEN
   0:                                     IF ((X > ubound(XY,1)) or (Y > ubound(XY,2))) THEN **
   0:                                         ERR.NUMBER = 107
   1:                                         ERR.MESSAGE = "ARRAY INDEX OUT OF BOUNDS"
   2:                                         ERR.LINENUM = 21
   3:                                         ERR.CONTEXT = "XY"
   4:                                         ERR.SOURCE = "ARRAYS7.BAS"
   5:                                         RAISE ERROR
                                          END IF
   1:                                     CALL LORES.COLOR(*(((XY + 4) + (((X * (5 + 1)) + Y) * 2))))
   2:                                     CALL LORES.PLOT(((X - 1) + I), ((Y - 1) + J))
   3: _FOR_CONTINUE12:
   4:                                     Y = (Y + 1)
   5:                                     GOTO _FOR_LOOP12
                                      END IF
                                  ELSE
   0:                                 IF (Y >= 5) THEN
   0:                                     IF ((X > ubound(XY,1)) or (Y > ubound(XY,2))) THEN **
   0:                                         ERR.NUMBER = 107
   1:                                         ERR.MESSAGE = "ARRAY INDEX OUT OF BOUNDS"
   2:                                         ERR.LINENUM = 21
   3:                                         ERR.CONTEXT = "XY"
   4:                                         ERR.SOURCE = "ARRAYS7.BAS"
   5:                                         RAISE ERROR
                                          END IF
   1:                                     CALL LORES.COLOR(*(((XY + 4) + (((X * (5 + 1)) + Y) * 2))))
   2:                                     CALL LORES.PLOT(((X - 1) + I), ((Y - 1) + J))
   3: _FOR_CONTINUE12:
   4:                                     Y = (Y + 1)
   5:                                     GOTO _FOR_LOOP12
                                      END IF
                                  END IF
   3: _FOR_EXIT12:
   4: _FOR_CONTINUE11:
   5:                             X = (X + 1)
   6:                             GOTO _FOR_LOOP11
                              END IF
                          END IF
   3: _FOR_EXIT11:
   4: _FOR_CONTINUE10:
   5:                     J = (J + 5)
   6:                     GOTO _FOR_LOOP10
                      END IF
                  ELSE
   0:                 IF (J >= 39) THEN
   0:                     X = 1
   1: _FOR_LOOP11:
   2:                     IF (MATH.SGN(1) >= 0) THEN
   0:                         IF (X <= 5) THEN
   0:                             Y = 1
   1: _FOR_LOOP12:
   2:                             IF (MATH.SGN(1) >= 0) THEN
   0:                                 IF (Y <= 5) THEN
   0:                                     IF ((X > ubound(XY,1)) or (Y > ubound(XY,2))) THEN **
   0:                                         ERR.NUMBER = 107
   1:                                         ERR.MESSAGE = "ARRAY INDEX OUT OF BOUNDS"
   2:                                         ERR.LINENUM = 21
   3:                                         ERR.CONTEXT = "XY"
   4:                                         ERR.SOURCE = "ARRAYS7.BAS"
   5:                                         RAISE ERROR
                                          END IF
   1:                                     CALL LORES.COLOR(*(((XY + 4) + (((X * (5 + 1)) + Y) * 2))))
   2:                                     CALL LORES.PLOT(((X - 1) + I), ((Y - 1) + J))
   3: _FOR_CONTINUE12:
   4:                                     Y = (Y + 1)
   5:                                     GOTO _FOR_LOOP12
                                      END IF
                                  ELSE
   0:                                 IF (Y >= 5) THEN
   0:                                     IF ((X > ubound(XY,1)) or (Y > ubound(XY,2))) THEN **
   0:                                         ERR.NUMBER = 107
   1:                                         ERR.MESSAGE = "ARRAY INDEX OUT OF BOUNDS"
   2:                                         ERR.LINENUM = 21
   3:                                         ERR.CONTEXT = "XY"
   4:                                         ERR.SOURCE = "ARRAYS7.BAS"
   5:                                         RAISE ERROR
                                          END IF
   1:                                     CALL LORES.COLOR(*(((XY + 4) + (((X * (5 + 1)) + Y) * 2))))
   2:                                     CALL LORES.PLOT(((X - 1) + I), ((Y - 1) + J))
   3: _FOR_CONTINUE12:
   4:                                     Y = (Y + 1)
   5:                                     GOTO _FOR_LOOP12
                                      END IF
                                  END IF
   3: _FOR_EXIT12:
   4: _FOR_CONTINUE11:
   5:                             X = (X + 1)
   6:                             GOTO _FOR_LOOP11
                              END IF
                          ELSE
   0:                         IF (X >= 5) THEN
   0:                             Y = 1
   1: _FOR_LOOP12:
   2:                             IF (MATH.SGN(1) >= 0) THEN
   0:                                 IF (Y <= 5) THEN
   0:                                     IF ((X > ubound(XY,1)) or (Y > ubound(XY,2))) THEN **
   0:                                         ERR.NUMBER = 107
   1:                                         ERR.MESSAGE = "ARRAY INDEX OUT OF BOUNDS"
   2:                                         ERR.LINENUM = 21
   3:                                         ERR.CONTEXT = "XY"
   4:                                         ERR.SOURCE = "ARRAYS7.BAS"
   5:                                         RAISE ERROR
                                          END IF
   1:                                     CALL LORES.COLOR(*(((XY + 4) + (((X * (5 + 1)) + Y) * 2))))
   2:                                     CALL LORES.PLOT(((X - 1) + I), ((Y - 1) + J))
   3: _FOR_CONTINUE12:
   4:                                     Y = (Y + 1)
   5:                                     GOTO _FOR_LOOP12
                                      END IF
                                  ELSE
   0:                                 IF (Y >= 5) THEN
   0:                                     IF ((X > ubound(XY,1)) or (Y > ubound(XY,2))) THEN **
   0:                                         ERR.NUMBER = 107
   1:                                         ERR.MESSAGE = "ARRAY INDEX OUT OF BOUNDS"
   2:                                         ERR.LINENUM = 21
   3:                                         ERR.CONTEXT = "XY"
   4:                                         ERR.SOURCE = "ARRAYS7.BAS"
   5:                                         RAISE ERROR
                                          END IF
   1:                                     CALL LORES.COLOR(*(((XY + 4) + (((X * (5 + 1)) + Y) * 2))))
   2:                                     CALL LORES.PLOT(((X - 1) + I), ((Y - 1) + J))
   3: _FOR_CONTINUE12:
   4:                                     Y = (Y + 1)
   5:                                     GOTO _FOR_LOOP12
                                      END IF
                                  END IF
   3: _FOR_EXIT12:
   4: _FOR_CONTINUE11:
   5:                             X = (X + 1)
   6:                             GOTO _FOR_LOOP11
                              END IF
                          END IF
   3: _FOR_EXIT11:
   4: _FOR_CONTINUE10:
   5:                     J = (J + 5)
   6:                     GOTO _FOR_LOOP10
                      END IF
                  END IF
   3: _FOR_EXIT10:
   4: _FOR_CONTINUE9:
   5:             I = (I + 5)
   6:             GOTO _FOR_LOOP9
              END IF
          END IF
  11: _FOR_EXIT9:
  12:     CALL RUNTIME.PRINT_STRING("SHOULD BE A 5X5 COLOR GRID")
  13:     CALL RUNTIME.PRINT_NEWLINE()
  14:     END

