MAIN:
    DIM _ONERR_TARGET AS ADDRESS = null
    DIM _ONERR_FP AS ADDRESS = null
    DIM _ONERR_SP AS ADDRESS = null
    DIM A() AS INTEGER = null
    DIM I AS INTEGER = null
   0: _L10_14:
   1:     A() = ALLOC((2 + ((2 + 1) * 2)))
   2:     *((A() + 0)) = 2
   3: _L20_15:
   4:     IF (0 > ubound(A(),1)) THEN **
   0:         ERR.NUMBER = 107
   1:         ERR.MESSAGE = "ARRAY INDEX OUT OF BOUNDS"
   2:         ERR.LINENUM = 2
   3:         ERR.CONTEXT = "A()"
   4:         ERR.SOURCE = "ARRAYS1.INT"
   5:         RAISE ERROR
          END IF
   5:     *(((A() + 2) + (0 * 2))) = 5
   6: _L30_16:
   7:     IF (0 > ubound(A(),1)) THEN **
   0:         ERR.NUMBER = 107
   1:         ERR.MESSAGE = "ARRAY INDEX OUT OF BOUNDS"
   2:         ERR.LINENUM = 3
   3:         ERR.CONTEXT = "A()"
   4:         ERR.SOURCE = "ARRAYS1.INT"
   5:         RAISE ERROR
          END IF
   8:     IF (1 > ubound(A(),1)) THEN **
   0:         ERR.NUMBER = 107
   1:         ERR.MESSAGE = "ARRAY INDEX OUT OF BOUNDS"
   2:         ERR.LINENUM = 3
   3:         ERR.CONTEXT = "A()"
   4:         ERR.SOURCE = "ARRAYS1.INT"
   5:         RAISE ERROR
          END IF
   9:     *(((A() + 2) + (1 * 2))) = (*(((A() + 2) + (0 * 2))) + 5)
  10: _L40_17:
  11:     IF (1 > ubound(A(),1)) THEN **
   0:         ERR.NUMBER = 107
   1:         ERR.MESSAGE = "ARRAY INDEX OUT OF BOUNDS"
   2:         ERR.LINENUM = 4
   3:         ERR.CONTEXT = "A()"
   4:         ERR.SOURCE = "ARRAYS1.INT"
   5:         RAISE ERROR
          END IF
  12:     IF (2 > ubound(A(),1)) THEN **
   0:         ERR.NUMBER = 107
   1:         ERR.MESSAGE = "ARRAY INDEX OUT OF BOUNDS"
   2:         ERR.LINENUM = 4
   3:         ERR.CONTEXT = "A()"
   4:         ERR.SOURCE = "ARRAYS1.INT"
   5:         RAISE ERROR
          END IF
  13:     *(((A() + 2) + (2 * 2))) = (*(((A() + 2) + (1 * 2))) + 5)
  14: _L50_18:
  15:     IF (0 > ubound(A(),1)) THEN **
   0:         ERR.NUMBER = 107
   1:         ERR.MESSAGE = "ARRAY INDEX OUT OF BOUNDS"
   2:         ERR.LINENUM = 5
   3:         ERR.CONTEXT = "A()"
   4:         ERR.SOURCE = "ARRAYS1.INT"
   5:         RAISE ERROR
          END IF
  16:     CALL RUNTIME.PRINT_INTEGER(*(((A() + 2) + (0 * 2))))
  17:     CALL RUNTIME.PRINT_COMMA()
  18:     IF (1 > ubound(A(),1)) THEN **
   0:         ERR.NUMBER = 107
   1:         ERR.MESSAGE = "ARRAY INDEX OUT OF BOUNDS"
   2:         ERR.LINENUM = 5
   3:         ERR.CONTEXT = "A()"
   4:         ERR.SOURCE = "ARRAYS1.INT"
   5:         RAISE ERROR
          END IF
  19:     CALL RUNTIME.PRINT_INTEGER(*(((A() + 2) + (1 * 2))))
  20:     CALL RUNTIME.PRINT_COMMA()
  21:     IF (2 > ubound(A(),1)) THEN **
   0:         ERR.NUMBER = 107
   1:         ERR.MESSAGE = "ARRAY INDEX OUT OF BOUNDS"
   2:         ERR.LINENUM = 5
   3:         ERR.CONTEXT = "A()"
   4:         ERR.SOURCE = "ARRAYS1.INT"
   5:         RAISE ERROR
          END IF
  22:     CALL RUNTIME.PRINT_INTEGER(*(((A() + 2) + (2 * 2))))
  23:     CALL RUNTIME.PRINT_NEWLINE()
  24: _L60_19:
  25: _L70_20:
  26:     I = 5
  27:     IF (I > ubound(A(),1)) THEN **
   0:         ERR.NUMBER = 107
   1:         ERR.MESSAGE = "ARRAY INDEX OUT OF BOUNDS"
   2:         ERR.LINENUM = 7
   3:         ERR.CONTEXT = "A()"
   4:         ERR.SOURCE = "ARRAYS1.INT"
   5:         RAISE ERROR
          END IF
  28:     *(((A() + 2) + (I * 2))) = I
  29: _L80_21:
  30:     END

FUNCTION _LHS_STRING(START AS INTEGER, STRING AS STRING) AS STRING
END FUNCTION

