MAIN:
    DIM _ONERR_TARGET AS ADDRESS = null
    DIM _ONERR_FP AS ADDRESS = null
    DIM _ONERR_SP AS ADDRESS = null
    DIM A$ AS STRING = null
    DIM N AS INTEGER = null
    DIM M AS INTEGER = null
   0:     A$ = ALLOC((1 + 2))
   1:     *(A$) = 1
   0: _L5_12:
   1:     A$ = ALLOC((20 + 2))
   2:     *(A$) = 20
   3: _L10_13:
   4:     CALL RUNTIME.PRINT_STRING("ENTER TWO INTEGER VALUES: ")
   5:     CALL RUNTIME.PRINT_STRING("?")
   6:     CALL RUNTIME.INPUT_READLINE()
   7:     N = RUNTIME.INPUT_SCANINTEGER()
   8:     M = RUNTIME.INPUT_SCANINTEGER()
   9: _L20_14:
  10:     CALL RUNTIME.PRINT_STRING("N=")
  11:     CALL RUNTIME.PRINT_INTEGER(N)
  12:     CALL RUNTIME.PRINT_STRING(", M=")
  13:     CALL RUNTIME.PRINT_INTEGER(M)
  14:     CALL RUNTIME.PRINT_NEWLINE()
  15: _L30_15:
  16:     CALL RUNTIME.PRINT_STRING("ENTER A STRING: ")
  17:     CALL RUNTIME.INPUT_READLINE()
  18:     CALL RUNTIME.INPUT_SCANSTRING(A$)
  19: _L40_16:
  20:     CALL RUNTIME.PRINT_STRING("A$=")
  21:     CALL RUNTIME.PRINT_STRING(A$)
  22:     CALL RUNTIME.PRINT_NEWLINE()
  23: _L50_17:
  24:     END

FUNCTION _LHS_STRING(START AS INTEGER, STRING AS STRING) AS STRING
END FUNCTION

