MAIN:
    DIM _ONERR_TARGET AS ADDRESS = null
    DIM _ONERR_FP AS ADDRESS = null
    DIM _ONERR_SP AS ADDRESS = null
    DIM I AS INTEGER = null
    DIM FOR_I_END15 AS INTEGER = null
    DIM FOR_I_STEP15 AS INTEGER = null
    DIM FOR_I_NEXT15 AS ADDRESS = null
    DIM FOR_I_EXIT15 AS ADDRESS = null
   0: _L10_12:
   1:     CALL TEXT.TEXT()
   2:     CALL (- 936)
   3: _L20_13:
   4:     CALL RUNTIME.PRINT_STRING("POSITIVE STEP")
   5:     CALL RUNTIME.PRINT_NEWLINE()
   6: _L30_14:
   7:     I = 1
   8:     FOR_I_END15 = 5
   9:     FOR_I_STEP15 = 1
  10:     FOR_I_NEXT15 = (addrof(_FOR_NEXT16) - 1)
  11:     GOTO _FOR_LOOP16
  12: _FOR_NEXT16:
  13:     I = (I + FOR_I_STEP15)
  14:     IF (MATH.SGN(1) >= 0) THEN
   0:         IF (I <= FOR_I_END15) THEN
   0:             GOTO _FOR_LOOP16
              END IF
          ELSE
   0:         IF (I >= FOR_I_END15) THEN
   0:             GOTO _FOR_LOOP16
              END IF
          END IF
  15:     GOTO *FOR_I_EXIT15
  16: _FOR_LOOP16:
  17: _L40_17:
  18:     CALL RUNTIME.PRINT_INTEGER(I)
  19:     CALL RUNTIME.PRINT_NEWLINE()
  20: _L50_18:
  21:     FOR_I_EXIT15 = (addrof(_FOR_EXIT19) - 1)
  22:     GOTO *FOR_I_NEXT15
  23: _FOR_EXIT19:
  24: _L60_20:
  25:     CALL RUNTIME.PRINT_STRING("NEGATIVE STEP")
  26:     CALL RUNTIME.PRINT_NEWLINE()
  27: _L70_21:
  28:     I = 10
  29:     FOR_I_END15 = 5
  30:     FOR_I_STEP15 = (- 1)
  31:     FOR_I_NEXT15 = (addrof(_FOR_NEXT22) - 1)
  32:     GOTO _FOR_LOOP22
  33: _FOR_NEXT22:
  34:     I = (I + FOR_I_STEP15)
  35:     IF (MATH.SGN((- 1)) >= 0) THEN
   0:         IF (I <= FOR_I_END15) THEN
   0:             GOTO _FOR_LOOP22
              END IF
          ELSE
   0:         IF (I >= FOR_I_END15) THEN
   0:             GOTO _FOR_LOOP22
              END IF
          END IF
  36:     GOTO *FOR_I_EXIT15
  37: _FOR_LOOP22:
  38: _L80_23:
  39:     CALL RUNTIME.PRINT_INTEGER(I)
  40:     CALL RUNTIME.PRINT_NEWLINE()
  41: _L90_24:
  42:     FOR_I_EXIT15 = (addrof(_FOR_EXIT25) - 1)
  43:     GOTO *FOR_I_NEXT15
  44: _FOR_EXIT25:
  45: _L100_26:
  46:     CALL RUNTIME.PRINT_STRING("DONE")
  47:     CALL RUNTIME.PRINT_NEWLINE()
  48: _L110_27:
  49:     END

FUNCTION _LHS_STRING(START AS INTEGER, STRING AS STRING) AS STRING
END FUNCTION

