MAIN:
    DIM _ONERR_TARGET AS ADDRESS = null
    DIM _ONERR_FP AS ADDRESS = null
    DIM _ONERR_SP AS ADDRESS = null
    DIM N AS INTEGER = null
    DIM ON_GOTO AS ADDRESS = [addrof(_WITHNUMBER9), addrof(_WITHMESSAGE10), addrof(_WITHCONTEXT11)]
   0:     ON ERROR GOTO _HANDLEERROR2
   1:     N = 1
   2: _DOMORE3:
   3:     CALL RUNTIME.PRINT_STRING("N = ")
   4:     CALL RUNTIME.PRINT_INTEGER(N)
   5:     CALL RUNTIME.PRINT_NEWLINE()
   6:     IF ((N > 0) and (N <= ubound(ON_GOTO,1))) THEN
   0:         GOTO **(((ON_GOTO + 2) + ((N - 1) * 2)))
          END IF
   7:     CALL RUNTIME.PRINT_STRING("ALL DONE")
   8:     CALL RUNTIME.PRINT_NEWLINE()
   9:     END
  10: _WITHNUMBER9:
  11:     CALL RUNTIME.PRINT_STRING("ERROR WITH JUST NUMBER")
  12:     CALL RUNTIME.PRINT_NEWLINE()
  13:     ERR.NUMBER = 1
  14:     ERR.MESSAGE = ""
  15:     ERR.LINENUM = 14
  16:     ERR.CONTEXT = ""
  17:     ERR.SOURCE = "ONERR1.BAS"
  18:     RAISE ERROR
  19:     CALL RUNTIME.PRINT_STRING("NEVER GETS HERE (1)")
  20:     CALL RUNTIME.PRINT_NEWLINE()
  21:     END
  22: _WITHMESSAGE10:
  23:     CALL RUNTIME.PRINT_STRING("ERROR WITH NUMBER AND MESSAGE")
  24:     CALL RUNTIME.PRINT_NEWLINE()
  25:     ERR.NUMBER = 2
  26:     ERR.MESSAGE = "DID SOMETHING STUPID"
  27:     ERR.LINENUM = 20
  28:     ERR.CONTEXT = ""
  29:     ERR.SOURCE = "ONERR1.BAS"
  30:     RAISE ERROR
  31:     CALL RUNTIME.PRINT_STRING("NEVER GETS HERE (2)")
  32:     CALL RUNTIME.PRINT_NEWLINE()
  33:     END
  34: _WITHCONTEXT11:
  35:     CALL RUNTIME.PRINT_STRING("ERROR WITH NUMBER, MESSAGE, AND CONTEXT")
  36:     CALL RUNTIME.PRINT_NEWLINE()
  37:     ERR.NUMBER = 3
  38:     ERR.MESSAGE = "DID ANOTHER THING STUPID"
  39:     ERR.LINENUM = 26
  40:     ERR.CONTEXT = "THIS IS THE CONTEXT"
  41:     ERR.SOURCE = "ONERR1.BAS"
  42:     RAISE ERROR
  43:     CALL RUNTIME.PRINT_STRING("NEVER GETS HERE (3)")
  44:     CALL RUNTIME.PRINT_NEWLINE()
  45:     END
  46: _HANDLEERROR2:
  47:     CALL RUNTIME.PRINT_STRING("OOPS!")
  48:     CALL RUNTIME.PRINT_NEWLINE()
  49:     CALL RUNTIME.PRINT_STRING("  ERROR CODE......")
  50:     CALL RUNTIME.PRINT_INTEGER(ERR.NUMBER)
  51:     CALL RUNTIME.PRINT_NEWLINE()
  52:     CALL RUNTIME.PRINT_STRING("  ERROR MSG.......")
  53:     CALL RUNTIME.PRINT_STRING(ERR.MESSAGE)
  54:     CALL RUNTIME.PRINT_NEWLINE()
  55:     CALL RUNTIME.PRINT_STRING("  ERROR LINE#.....")
  56:     CALL RUNTIME.PRINT_INTEGER(ERR.LINENUM)
  57:     CALL RUNTIME.PRINT_NEWLINE()
  58:     CALL RUNTIME.PRINT_STRING("  ERROR SOURCE....")
  59:     CALL RUNTIME.PRINT_STRING(ERR.SOURCE)
  60:     CALL RUNTIME.PRINT_NEWLINE()
  61:     CALL RUNTIME.PRINT_STRING("  ERROR CONTEXT...")
  62:     CALL RUNTIME.PRINT_STRING(ERR.CONTEXT)
  63:     CALL RUNTIME.PRINT_NEWLINE()
  64:     N = (N + 1)
  65:     GOTO _DOMORE3

