MAIN:
    DIM _ONERR_TARGET AS ADDRESS = null
    DIM _ONERR_FP AS ADDRESS = null
    DIM _ONERR_SP AS ADDRESS = null
    DIM PFX AS STRING = null
   0:     CALL PRODOS.ENSUREPREFIXSET()
   0:     CALL RUNTIME.PRINT_STRING("*** PREFIX ***")
   1:     CALL RUNTIME.PRINT_NEWLINE()
   2:     IF PRODOS.ISPREFIXACTIVE() THEN
   0:         CALL RUNTIME.PRINT_STRING("HAS ACTIVE PREFIX")
   1:         CALL RUNTIME.PRINT_NEWLINE()
          ELSE
   0:         CALL RUNTIME.PRINT_STRING("NO ACTIVE PREFIX")
   1:         CALL RUNTIME.PRINT_NEWLINE()
          END IF
   3:     PFX = PRODOS.GETPREFIX()
   4:     CALL RUNTIME.PRINT_STRING("PREFIX: ")
   5:     IF (STRINGS.LEN(PFX) = 0) THEN
   0:         CALL RUNTIME.PRINT_STRING("(UNSET)")
   1:         CALL RUNTIME.PRINT_NEWLINE()
          ELSE
   0:         CALL RUNTIME.PRINT_STRING(PFX)
   1:         CALL RUNTIME.PRINT_NEWLINE()
          END IF
   6:     CALL RUNTIME.PRINT_STRING("*** LAST DEVICE ***")
   7:     CALL RUNTIME.PRINT_NEWLINE()
   8:     CALL RUNTIME.PRINT_STRING("LAST USED DEVICE = ")
   9:     CALL RUNTIME.PRINT_INTEGER(PRODOS.LASTDEVICE())
  10:     CALL RUNTIME.PRINT_NEWLINE()
  11:     CALL RUNTIME.PRINT_STRING("*** MACHID TESTS ***")
  12:     CALL RUNTIME.PRINT_NEWLINE()
  13:     CALL RUNTIME.PRINT_STRING("APPLE II.....")
  14:     CALL RUNTIME.PRINT_BOOLEAN(PRODOS.ISAPPLEII())
  15:     CALL RUNTIME.PRINT_NEWLINE()
  16:     CALL RUNTIME.PRINT_STRING("APPLE II+....")
  17:     CALL RUNTIME.PRINT_BOOLEAN(PRODOS.ISAPPLEIIPLUS())
  18:     CALL RUNTIME.PRINT_NEWLINE()
  19:     CALL RUNTIME.PRINT_STRING("APPLE //E....")
  20:     CALL RUNTIME.PRINT_BOOLEAN(PRODOS.ISAPPLEIIE())
  21:     CALL RUNTIME.PRINT_NEWLINE()
  22:     CALL RUNTIME.PRINT_STRING("APPLE III....")
  23:     CALL RUNTIME.PRINT_BOOLEAN(PRODOS.ISAPPLEIII())
  24:     CALL RUNTIME.PRINT_NEWLINE()
  25:     CALL RUNTIME.PRINT_STRING("APPLE //C....")
  26:     CALL RUNTIME.PRINT_BOOLEAN(PRODOS.ISAPPLEIIC())
  27:     CALL RUNTIME.PRINT_NEWLINE()
  28:     CALL RUNTIME.PRINT_STRING("48K MEMORY...")
  29:     CALL RUNTIME.PRINT_BOOLEAN(PRODOS.HAS48K())
  30:     CALL RUNTIME.PRINT_NEWLINE()
  31:     CALL RUNTIME.PRINT_STRING("64K MEMORY...")
  32:     CALL RUNTIME.PRINT_BOOLEAN(PRODOS.HAS64K())
  33:     CALL RUNTIME.PRINT_NEWLINE()
  34:     CALL RUNTIME.PRINT_STRING("128K MEMORY..")
  35:     CALL RUNTIME.PRINT_BOOLEAN(PRODOS.HAS128K())
  36:     CALL RUNTIME.PRINT_NEWLINE()
  37:     CALL RUNTIME.PRINT_STRING("80 COLUMNS...")
  38:     CALL RUNTIME.PRINT_BOOLEAN(PRODOS.HAS80COLS())
  39:     CALL RUNTIME.PRINT_NEWLINE()
  40:     CALL RUNTIME.PRINT_STRING("CLOCK........")
  41:     CALL RUNTIME.PRINT_BOOLEAN(PRODOS.HASCLOCK())
  42:     CALL RUNTIME.PRINT_NEWLINE()
  43:     CALL RUNTIME.PRINT_STRING("*** END ***")
  44:     CALL RUNTIME.PRINT_NEWLINE()

