MAIN:
    DIM _ONERR_TARGET AS ADDRESS = null
    DIM _ONERR_FP AS ADDRESS = null
    DIM _ONERR_SP AS ADDRESS = null
    DIM A$ AS STRING = null
    DIM _TEMP17 AS STRING = null
   0:     A$ = ALLOC((1 + 2))
   1:     *(A$) = 1
   2:     _TEMP17 = ALLOC((3 + 2))
   3:     *(_TEMP17) = 3
   0: _L10_14:
   1:     A$ = ALLOC((3 + 2))
   2:     *(A$) = 3
   3: _L20_15:
   4:     CALL STRINGS.STRCPY(A$, 1, "YES", 1, 3)
   5: _L30_16:
   6:     CALL STRINGS.STRCPY(_TEMP17, 1, A$, 1, 1)
   7:     CALL RUNTIME.PRINT_STRING(_TEMP17)
   8:     CALL RUNTIME.PRINT_NEWLINE()
   9: _L40_18:
  10:     CALL STRINGS.STRCPY(_TEMP17, 1, A$, 1, 2)
  11:     CALL RUNTIME.PRINT_STRING(_TEMP17)
  12:     CALL RUNTIME.PRINT_NEWLINE()
  13: _L60_19:
  14:     CALL STRINGS.STRCPY(_TEMP17, 1, A$, 1, 3)
  15:     CALL RUNTIME.PRINT_STRING(_TEMP17)
  16:     CALL RUNTIME.PRINT_NEWLINE()
  17: _L50_20:
  18:     CALL STRINGS.STRCPY(_TEMP17, 1, A$, 2, 2)
  19:     CALL RUNTIME.PRINT_STRING(_TEMP17)
  20:     CALL RUNTIME.PRINT_NEWLINE()
  21: _L70_21:
  22:     CALL STRINGS.STRCPY(_TEMP17, 1, A$, 2, 3)
  23:     CALL RUNTIME.PRINT_STRING(_TEMP17)
  24:     CALL RUNTIME.PRINT_NEWLINE()
  25: _L80_22:
  26:     CALL STRINGS.STRCPY(_TEMP17, 1, A$, 3, 3)
  27:     CALL RUNTIME.PRINT_STRING(_TEMP17)
  28:     CALL RUNTIME.PRINT_NEWLINE()
  29: _L90_23:
  30:     END

FUNCTION _LHS_STRING(BYVAL START AS INTEGER, BYVAL STRING AS STRING) AS STRING
END FUNCTION

