MAIN:
    DIM _ONERR_TARGET AS ADDRESS = null
    DIM _ONERR_FP AS ADDRESS = null
    DIM _ONERR_SP AS ADDRESS = null
    DIM A$ AS STRING = [""]
    DIM B$ AS STRING = [""]
    DIM C$ AS STRING = [""]
    DIM D$ AS STRING = [""]
    DIM EXPECTED$ AS STRING = [""]
    DIM _TEMP14 AS STRING = [""]
    DIM _TEMP15 AS INTEGER = null
    DIM _TEMP16 AS STRING = [""]
    DIM _TEMP17 AS INTEGER = null
   0:     EXPECTED$ = "Hello, World!"
   1:     A$ = "Hello"
   2:     B$ = ", "
   3:     C$ = "World!"
   4:     CALL RUNTIME.PRINT_STRING(A$)
   5:     CALL RUNTIME.PRINT_STRING(B$)
   6:     CALL RUNTIME.PRINT_STRING(C$)
   7:     CALL RUNTIME.PRINT_NEWLINE()
   8:     _TEMP15 = (((STRINGS.LEN(A$) + STRINGS.LEN(B$)) + STRINGS.LEN(C$)) + 2)
   9:     _TEMP14 = ALLOC(_TEMP15)
  10:     *(_TEMP14) = CByte(((STRINGS.LEN(A$) + STRINGS.LEN(B$)) + STRINGS.LEN(C$)))
  11:     CALL STRINGS.STRCAT(_TEMP14, A$)
  12:     CALL STRINGS.STRCAT(_TEMP14, B$)
  13:     CALL STRINGS.STRCAT(_TEMP14, C$)
  14:     D$ = _TEMP14
  15:     CALL RUNTIME.PRINT_STRING(D$)
  16:     CALL RUNTIME.PRINT_NEWLINE()
  17:     CALL TEXT.INVERSE()
  18:     _TEMP17 = (((STRINGS.LEN(A$) + STRINGS.LEN(B$)) + STRINGS.LEN(C$)) + 2)
  19:     _TEMP16 = ALLOC(_TEMP17)
  20:     *(_TEMP16) = CByte(((STRINGS.LEN(A$) + STRINGS.LEN(B$)) + STRINGS.LEN(C$)))
  21:     CALL STRINGS.STRCAT(_TEMP16, A$)
  22:     CALL STRINGS.STRCAT(_TEMP16, B$)
  23:     CALL STRINGS.STRCAT(_TEMP16, C$)
  24:     IF ((STRINGS.STRCMP(D$, EXPECTED$) = 0) and (STRINGS.STRCMP(_TEMP16, EXPECTED$) = 0)) THEN
   0:         CALL RUNTIME.PRINT_STRING("SUCCESS")
   1:         CALL RUNTIME.PRINT_NEWLINE()
          ELSE
   0:         CALL RUNTIME.PRINT_STRING("FAIL")
   1:         CALL RUNTIME.PRINT_NEWLINE()
          END IF
  25:     CALL TEXT.NORMAL()
  26:     END

